#-----------------------------------------------------------
# Webtalk v2019.2.1 (64-bit)
# SW Build 2729669 on Thu Dec  5 04:49:17 MST 2019
# IP Build 2729494 on Thu Dec  5 07:38:25 MST 2019
# Start of session at: Mon May 25 11:19:11 2020
# Process ID: 2704
# Current directory: C:/Users/espero/git/UFBmod/FPGA/TE0712-02-100-2C3_V2/vivado/TE0712-02-100-2C3_V2.sim/sim_1/behav/xsim
# Command line: wbtcv.exe -mode batch -source C:/Users/espero/git/UFBmod/FPGA/TE0712-02-100-2C3_V2/vivado/TE0712-02-100-2C3_V2.sim/sim_1/behav/xsim/xsim.dir/tb_null_behav/webtalk/xsim_webtalk.tcl -notrace
# Log file: C:/Users/espero/git/UFBmod/FPGA/TE0712-02-100-2C3_V2/vivado/TE0712-02-100-2C3_V2.sim/sim_1/behav/xsim/webtalk.log
# Journal file: C:/Users/espero/git/UFBmod/FPGA/TE0712-02-100-2C3_V2/vivado/TE0712-02-100-2C3_V2.sim/sim_1/behav/xsim\webtalk.jou
#-----------------------------------------------------------
source C:/Users/espero/git/UFBmod/FPGA/TE0712-02-100-2C3_V2/vivado/TE0712-02-100-2C3_V2.sim/sim_1/behav/xsim/xsim.dir/tb_null_behav/webtalk/xsim_webtalk.tcl -notrace
