10:12:40 **** Build of configuration Debug for project sreg_spi_bootloader_bsp_xgpio_example_1 ****
make all 
'Building file: ../src/xgpio_example.c'
'Invoking: MicroBlaze gcc compiler'
mb-gcc -Wall -O0 -g3 -c -fmessage-length=0 -MT"src/xgpio_example.o" -I../../sreg_spi_bootloader_bsp/microblaze_0/include -mno-xl-reorder -mlittle-endian -mxl-barrel-shift -mxl-pattern-compare -mno-xl-soft-div -mcpu=v11.0 -mno-xl-soft-mul -mxl-multiply-high -mhard-float -mxl-float-convert -mxl-float-sqrt -Wl,--no-relax -ffunction-sections -fdata-sections -MMD -MP -MF"src/xgpio_example.d" -MT"src/xgpio_example.o" -o "src/xgpio_example.o" "../src/xgpio_example.c"
'Finished building: ../src/xgpio_example.c'
' '
'Building target: sreg_spi_bootloader_bsp_xgpio_example_1.elf'
'Invoking: MicroBlaze gcc linker'
mb-gcc -Wl,-T -Wl,../src/lscript.ld -L../../sreg_spi_bootloader_bsp/microblaze_0/lib -mlittle-endian -mxl-barrel-shift -mxl-pattern-compare -mno-xl-soft-div -mcpu=v11.0 -mno-xl-soft-mul -mxl-multiply-high -mhard-float -mxl-float-convert -mxl-float-sqrt -Wl,--no-relax -Wl,--gc-sections -o "sreg_spi_bootloader_bsp_xgpio_example_1.elf"  ./src/xgpio_example.o   -Wl,--start-group,-lxil,-lgcc,-lc,--end-group -Wl,--start-group,-lxilisf,-lxil,-lgcc,-lc,--end-group
'Finished building target: sreg_spi_bootloader_bsp_xgpio_example_1.elf'
' '
'Invoking: MicroBlaze Print Size'
mb-size sreg_spi_bootloader_bsp_xgpio_example_1.elf  |tee "sreg_spi_bootloader_bsp_xgpio_example_1.elf.size"
   text	   data	    bss	    dec	    hex	filename
   6108	    384	   3132	   9624	   2598	sreg_spi_bootloader_bsp_xgpio_example_1.elf
'Finished building: sreg_spi_bootloader_bsp_xgpio_example_1.elf.size'
' '

10:12:40 Build Finished (took 826ms)

